/home/hp/Desktop/final/javaTOTPApp/src/main/java/com/mycompany/CreateEditOrderForm.java
/home/hp/Desktop/final/javaTOTPApp/src/main/java/com/mycompany/Log.java
/home/hp/Desktop/final/javaTOTPApp/src/main/java/com/mycompany/OrderDashboard.java
/home/hp/Desktop/final/javaTOTPApp/src/main/java/com/mycompany/OtpVerification.java
/home/hp/Desktop/final/javaTOTPApp/src/main/java/com/mycompany/DbConnection.java
/home/hp/Desktop/final/javaTOTPApp/src/main/java/com/mycompany/ManageUserForm.java
/home/hp/Desktop/final/javaTOTPApp/src/main/java/com/mycompany/CreateUpdateProduct.java
/home/hp/Desktop/final/javaTOTPApp/src/main/java/com/mycompany/Login.java
/home/hp/Desktop/final/javaTOTPApp/src/main/java/com/mycompany/RegisterForm.java
/home/hp/Desktop/final/javaTOTPApp/src/main/java/com/mycompany/RandomOtp.java
/home/hp/Desktop/final/javaTOTPApp/src/main/java/com/mycompany/ProductDashBoard.java
/home/hp/Desktop/final/javaTOTPApp/src/main/java/com/mycompany/DashBoard.java
/home/hp/Desktop/final/javaTOTPApp/src/main/java/com/mycompany/UserSession.java
/home/hp/Desktop/final/javaTOTPApp/src/main/java/com/mycompany/AdminFrame.java
/home/hp/Desktop/final/javaTOTPApp/src/main/java/com/mycompany/Verify.java
/home/hp/Desktop/final/javaTOTPApp/src/main/java/com/mycompany/EmailSender.java
